[2026-10-01T22:50:54.009Z][INFO] Command-line: 'C:\\Program Files\\Unity\\Hub\\Editor\\6000.6.3f1\\Editor\\Data\\Resources\\PackageManager\\Server\\UnityPackageManager.exe' server -s 38596 --ipc-path Unity-Upm-38596 -l 2 --log-file 'C:\\Users\\rodri\\My project (1)/Logs/upm.log'
[2026-10-01T22:50:54.084Z][INFO] IPC server started (IPC path=Unity-Upm-38596).
[2026-10-01T22:50:54.085Z][INFO] Hint: To connect to this UPM instance, launch Unity with the command-line parameter -upmIpcPath Upm-38596.
[2026-10-01T22:50:57.563Z][INFO] project:list-packages <-- Request received
params: {}
[2026-10-01T22:50:57.893Z][INFO] project:list-packages --> 200 (330 ms)
[2026-10-01T22:50:57.994Z][INFO] config:project:get-registries <-- Request received
params: {}
[2026-10-01T22:50:58.005Z][INFO] config:project:get-registries --> 200 (11 ms)
[2026-10-01T22:50:58.659Z][INFO] project:list-packages <-- Request received
params: {}
[2026-10-01T22:50:58.885Z][INFO] project:resolve-packages <-- Request received
params: {}
[2026-10-01T22:50:59.143Z][INFO] project:list-packages --> 200 (485 ms)
[2026-10-01T22:52:01.788Z][WARN] Requested version [3.0.2] for package [com.unity.nuget.newtonsoft-json] overridden by minimum version [3.2.2].
[2026-10-01T22:52:01.788Z][WARN] Requested version [1.3.6] for package [com.unity.dt.app-ui] overridden by minimum version [2.1.11].
[2026-10-01T22:52:01.791Z][INFO] project:resolve-packages --> 200 (62906 ms)
[2026-10-01T22:54:05.690Z][INFO] project:list-packages <-- Request received
params: {}
[2026-10-01T22:54:05.821Z][INFO] project:list-packages <-- Request received
params: {}
[2026-10-01T22:54:07.959Z][INFO] project:list-packages --> 200 (2138 ms)
[2026-10-01T22:54:07.967Z][INFO] project:list-packages --> 200 (2277 ms)
[2026-10-01T22:54:08.766Z][INFO] project:list-packages <-- Request received
params: {}
[2026-10-01T22:54:09.143Z][INFO] project:list-packages --> 200 (376 ms)
[2026-10-01T22:54:09.299Z][INFO] config:project:get-registries <-- Request received
params: {}
[2026-10-01T22:54:09.307Z][INFO] config:project:get-registries --> 200 (8 ms)
[2026-10-01T22:57:03.817Z][INFO] project:list-packages <-- Request received
params: {}
[2026-10-01T22:57:04.855Z][INFO] project:list-packages --> 200 (1042 ms)
[2026-10-01T22:57:07.352Z][INFO] project:list-packages <-- Request received
params: {}
[2026-10-01T22:57:07.693Z][INFO] project:list-packages --> 200 (340 ms)
[2026-10-01T22:57:08.526Z][INFO] packages:get-packageinfo <-- Request received
params: {
  "packageId": "com.unity.ai.assistant"
}
[2026-10-01T22:57:09.077Z][INFO] packages:get-packageinfo --> 200 (551 ms)
[2026-10-01T22:57:10.953Z][INFO] project:list-packages <-- Request received
params: {}
[2026-10-01T22:57:12.507Z][INFO] project:list-packages --> 200 (1554 ms)
